Using pre-set license
Built from '2021.3/staging' branch; Version is '2021.3.9f1 (ad3870b89536) revision 11352176'; Using compiler version '192829333'; Build Type 'Release'
OS: 'Windows 11  (10.0.26100) 64bit CoreSingleLanguage' Language: 'en' Physical Memory: 16087 MB
BatchMode: 1, IsHumanControllingUs: 0, StartBugReporterOnCrash: 0, Is64bit: 1, IsPro: 1

COMMAND LINE ARGUMENTS:
C:\Program Files\Unity\Hub\Editor\2021.3.9f1\Editor\Unity.exe
-adb2
-batchMode
-noUpm
-name
AssetImportWorker8
-projectPath
C:/Users/Bryan Azanes/Documents/GitHub/Brackeys_GameJam/GameJam_Entry
-logFile
Logs/AssetImportWorker8.log
-srvPort
54106
Successfully changed project path to: C:/Users/Bryan Azanes/Documents/GitHub/Brackeys_GameJam/GameJam_Entry
C:/Users/Bryan Azanes/Documents/GitHub/Brackeys_GameJam/GameJam_Entry
[UnityMemory] Configuration Parameters - Can be set up in boot.config
    "memorysetup-bucket-allocator-granularity=16"
    "memorysetup-bucket-allocator-bucket-count=8"
    "memorysetup-bucket-allocator-block-size=33554432"
    "memorysetup-bucket-allocator-block-count=8"
    "memorysetup-main-allocator-block-size=16777216"
    "memorysetup-thread-allocator-block-size=16777216"
    "memorysetup-gfx-main-allocator-block-size=16777216"
    "memorysetup-gfx-thread-allocator-block-size=16777216"
    "memorysetup-cache-allocator-block-size=4194304"
    "memorysetup-typetree-allocator-block-size=2097152"
    "memorysetup-profiler-bucket-allocator-granularity=16"
    "memorysetup-profiler-bucket-allocator-bucket-count=8"
    "memorysetup-profiler-bucket-allocator-block-size=33554432"
    "memorysetup-profiler-bucket-allocator-block-count=8"
    "memorysetup-profiler-allocator-block-size=16777216"
    "memorysetup-profiler-editor-allocator-block-size=1048576"
    "memorysetup-temp-allocator-size-main=16777216"
    "memorysetup-job-temp-allocator-block-size=2097152"
    "memorysetup-job-temp-allocator-block-size-background=1048576"
    "memorysetup-job-temp-allocator-reduction-small-platforms=262144"
    "memorysetup-temp-allocator-size-background-worker=32768"
    "memorysetup-temp-allocator-size-job-worker=262144"
    "memorysetup-temp-allocator-size-preload-manager=33554432"
    "memorysetup-temp-allocator-size-nav-mesh-worker=65536"
    "memorysetup-temp-allocator-size-audio-worker=65536"
    "memorysetup-temp-allocator-size-cloud-worker=32768"
    "memorysetup-temp-allocator-size-gi-baking-worker=262144"
    "memorysetup-temp-allocator-size-gfx=262144"
Refreshing native plugins compatible for Editor in 170.19 ms, found 4 plugins.
Preloading 0 native plugins for Editor in 0.00 ms.
Initialize engine version: 2021.3.9f1 (ad3870b89536)
[Subsystems] Discovering subsystems at path C:/Program Files/Unity/Hub/Editor/2021.3.9f1/Editor/Data/Resources/UnitySubsystems
[Subsystems] Discovering subsystems at path C:/Users/Bryan Azanes/Documents/GitHub/Brackeys_GameJam/GameJam_Entry/Assets
GfxDevice: creating device client; threaded=0; jobified=0
Direct3D:
    Version:  Direct3D 11.0 [level 11.1]
    Renderer: NVIDIA GeForce RTX 3050 Laptop GPU (ID=0x25a2)
    Vendor:   NVIDIA
    VRAM:     3964 MB
    Driver:   32.0.15.7247
Initialize mono
Mono path[0] = 'C:/Program Files/Unity/Hub/Editor/2021.3.9f1/Editor/Data/Managed'
Mono path[1] = 'C:/Program Files/Unity/Hub/Editor/2021.3.9f1/Editor/Data/MonoBleedingEdge/lib/mono/unityjit-win32'
Mono config path = 'C:/Program Files/Unity/Hub/Editor/2021.3.9f1/Editor/Data/MonoBleedingEdge/etc'
Using monoOptions --debugger-agent=transport=dt_socket,embedding=1,server=y,suspend=n,address=127.0.0.1:56440
Begin MonoManager ReloadAssembly
Registering precompiled unity dll's ...
Register platform support module: C:/Program Files/Unity/Hub/Editor/2021.3.9f1/Editor/Data/PlaybackEngines/WindowsStandaloneSupport/UnityEditor.WindowsStandalone.Extensions.dll
Registered in 0.016093 seconds.
Native extension for WindowsStandalone target not found
Refreshing native plugins compatible for Editor in 172.54 ms, found 4 plugins.
Preloading 0 native plugins for Editor in 0.00 ms.
Mono: successfully reloaded assembly
- Completed reload, in  1.098 seconds
Domain Reload Profiling:
	ReloadAssembly (1099ms)
		BeginReloadAssembly (121ms)
			ExecutionOrderSort (0ms)
			DisableScriptedObjects (0ms)
			BackupInstance (0ms)
			ReleaseScriptingObjects (0ms)
			CreateAndSetChildDomain (1ms)
		EndReloadAssembly (761ms)
			LoadAssemblies (117ms)
			RebuildTransferFunctionScriptingTraits (0ms)
			SetupTypeCache (194ms)
			ReleaseScriptCaches (0ms)
			RebuildScriptCaches (43ms)
			SetupLoadedEditorAssemblies (436ms)
				LogAssemblyErrors (0ms)
				InitializePlatformSupportModulesInManaged (12ms)
				SetLoadedEditorAssemblies (0ms)
				RefreshPlugins (173ms)
				BeforeProcessingInitializeOnLoad (2ms)
				ProcessInitializeOnLoadAttributes (180ms)
				ProcessInitializeOnLoadMethodAttributes (69ms)
				AfterProcessingInitializeOnLoad (0ms)
				EditorAssembliesLoaded (0ms)
			ExecutionOrderSort2 (0ms)
			AwakeInstancesAfterBackupRestoration (0ms)
Platform modules already initialized, skipping
Registering precompiled user dll's ...
Registered in 0.011768 seconds.
Begin MonoManager ReloadAssembly
Symbol file LoadedFromMemory doesn't match image C:\Users\Bryan Azanes\Documents\GitHub\Brackeys_GameJam\GameJam_Entry\Library\PackageCache\com.unity.visualscripting@1.7.8\Editor\VisualScripting.Core\Dependencies\YamlDotNet\Unity.VisualScripting.YamlDotNet.dll
Symbol file LoadedFromMemory doesn't match image C:\Users\Bryan Azanes\Documents\GitHub\Brackeys_GameJam\GameJam_Entry\Library\PackageCache\com.unity.visualscripting@1.7.8\Editor\VisualScripting.Core\Dependencies\DotNetZip\Unity.VisualScripting.IonicZip.dll
Native extension for WindowsStandalone target not found
Refreshing native plugins compatible for Editor in 187.03 ms, found 4 plugins.
Preloading 0 native plugins for Editor in 0.00 ms.
Mono: successfully reloaded assembly
- Completed reload, in 13.410 seconds
Domain Reload Profiling:
	ReloadAssembly (13411ms)
		BeginReloadAssembly (147ms)
			ExecutionOrderSort (0ms)
			DisableScriptedObjects (7ms)
			BackupInstance (0ms)
			ReleaseScriptingObjects (0ms)
			CreateAndSetChildDomain (24ms)
		EndReloadAssembly (12979ms)
			LoadAssemblies (9166ms)
			RebuildTransferFunctionScriptingTraits (0ms)
			SetupTypeCache (1163ms)
			ReleaseScriptCaches (1ms)
			RebuildScriptCaches (103ms)
			SetupLoadedEditorAssemblies (2453ms)
				LogAssemblyErrors (0ms)
				InitializePlatformSupportModulesInManaged (7ms)
				SetLoadedEditorAssemblies (0ms)
				RefreshPlugins (187ms)
				BeforeProcessingInitializeOnLoad (201ms)
				ProcessInitializeOnLoadAttributes (515ms)
				ProcessInitializeOnLoadMethodAttributes (1528ms)
				AfterProcessingInitializeOnLoad (15ms)
				EditorAssembliesLoaded (0ms)
			ExecutionOrderSort2 (0ms)
			AwakeInstancesAfterBackupRestoration (11ms)
Platform modules already initialized, skipping
========================================================================
Worker process is ready to serve import requests
Launched and connected shader compiler UnityShaderCompiler.exe after 0.14 seconds
Refreshing native plugins compatible for Editor in 1.33 ms, found 4 plugins.
Preloading 0 native plugins for Editor in 0.00 ms.
Unloading 5613 Unused Serialized files (Serialized files now loaded: 0)
Unloading 43 unused Assets / (0.7 MB). Loaded Objects now: 6069.
Memory consumption went from 219.1 MB to 218.4 MB.
Total: 5.172200 ms (FindLiveObjects: 0.480400 ms CreateObjectMapping: 0.257000 ms MarkObjects: 4.059700 ms  DeleteObjects: 0.373700 ms)

AssetImportParameters requested are different than current active one (requested -> active):
  custom:video-decoder-ogg-theora: a1e56fd34408186e4bbccfd4996cb3dc -> 
  custom:container-muxer-webm: aa71ff27fc2769a1b78a27578f13a17b -> 
  custom:container-demuxer-webm: 4f35f7cbe854078d1ac9338744f61a02 -> 
  custom:video-encoder-webm-vp8: eb34c28f22e8b96e1ab97ce403110664 -> 
  custom:video-codec-MediaFoundation-h265: 746d11721c4dcdbdad8f713fa42b33f4 -> 
  custom:audio-encoder-webm-vorbis: bf7c407c2cedff20999df2af8eb42d56 -> 
  custom:framework-win-MediaFoundation: 216162199b28c13a410421893ffa2e32 -> 
  custom:container-demuxer-ogg: 62fdf1f143b41e24485cea50d1cbac27 -> 
  custom:video-decoder-webm-vp8: 9c59270c3fd7afecdb556c50c9e8de78 -> 
  custom:audio-decoder-ogg-vorbis: bf7c407c2cedff20999df2af8eb42d56 -> 
========================================================================
Received Import Request.
  Time since last request: 300333.201710 seconds.
  path: Assets/Assets/UI/IMG_1682.png
  artifactKey: Guid(10cfed15c890a3241a0123d4be1aefac) Importer(815301076,1909f56bfc062723c751e8b465ee728b)
Start importing Assets/Assets/UI/IMG_1682.png using Guid(10cfed15c890a3241a0123d4be1aefac) Importer(815301076,1909f56bfc062723c751e8b465ee728b)  -> (artifact id: 'ff261bec1f7825b7f180accaf51bfb55') in 0.363806 seconds 
========================================================================
Received Import Request.
  Time since last request: 0.000033 seconds.
  path: Assets/Assets/UI/IMG_1681.png
  artifactKey: Guid(0f7b090ad3d112742a2b3131cf982363) Importer(815301076,1909f56bfc062723c751e8b465ee728b)
Start importing Assets/Assets/UI/IMG_1681.png using Guid(0f7b090ad3d112742a2b3131cf982363) Importer(815301076,1909f56bfc062723c751e8b465ee728b)  -> (artifact id: '744f9cceca5d6467317d0191041cfca1') in 0.166640 seconds 
========================================================================
Received Import Request.
  Time since last request: 0.000051 seconds.
  path: Assets/Assets/UI/IMG_1684.png
  artifactKey: Guid(9ad55f829b13e7741a1762fc98239ef4) Importer(815301076,1909f56bfc062723c751e8b465ee728b)
Start importing Assets/Assets/UI/IMG_1684.png using Guid(9ad55f829b13e7741a1762fc98239ef4) Importer(815301076,1909f56bfc062723c751e8b465ee728b)  -> (artifact id: 'ba84c89770873fcb57e6bff9e2b9fb32') in 0.142245 seconds 
========================================================================
Received Import Request.
  Time since last request: 396.193404 seconds.
  path: Assets/Assets/UI/IMG_1682.png
  artifactKey: Guid(10cfed15c890a3241a0123d4be1aefac) Importer(815301076,1909f56bfc062723c751e8b465ee728b)
Start importing Assets/Assets/UI/IMG_1682.png using Guid(10cfed15c890a3241a0123d4be1aefac) Importer(815301076,1909f56bfc062723c751e8b465ee728b)  -> (artifact id: '533622fa6aabb244b4c8609f3ef04a50') in 0.135902 seconds 
========================================================================
Received Import Request.
  Time since last request: 26.941901 seconds.
  path: Assets/Assets/UI/IMG_1683.png
  artifactKey: Guid(5f8b4227eab44754ea224df99b62e134) Importer(815301076,1909f56bfc062723c751e8b465ee728b)
Start importing Assets/Assets/UI/IMG_1683.png using Guid(5f8b4227eab44754ea224df99b62e134) Importer(815301076,1909f56bfc062723c751e8b465ee728b)  -> (artifact id: 'ef7e69e37a0f6cfd63b2bd7dd4e81e8b') in 0.110141 seconds 
========================================================================
Received Import Request.
  Time since last request: 26.231931 seconds.
  path: Assets/Assets/UI/IMG_1684.png
  artifactKey: Guid(9ad55f829b13e7741a1762fc98239ef4) Importer(815301076,1909f56bfc062723c751e8b465ee728b)
Start importing Assets/Assets/UI/IMG_1684.png using Guid(9ad55f829b13e7741a1762fc98239ef4) Importer(815301076,1909f56bfc062723c751e8b465ee728b)  -> (artifact id: 'cb9dbc7a7d4d83384809f47b98d81e64') in 0.106639 seconds 
========================================================================
Received Import Request.
  Time since last request: 32.295846 seconds.
  path: Assets/Assets/UI/IMG_1679.png
  artifactKey: Guid(978a857ee70784a45b70d811d5e437ff) Importer(815301076,1909f56bfc062723c751e8b465ee728b)
Start importing Assets/Assets/UI/IMG_1679.png using Guid(978a857ee70784a45b70d811d5e437ff) Importer(815301076,1909f56bfc062723c751e8b465ee728b)  -> (artifact id: '51bf5605a681ecd6477a724ecb45d260') in 0.123804 seconds 
========================================================================
Received Import Request.
  Time since last request: 44.220094 seconds.
  path: Assets/Assets/UI/IMG_1680.png
  artifactKey: Guid(9c41265778c09f5468f505c067fbfec9) Importer(815301076,1909f56bfc062723c751e8b465ee728b)
Start importing Assets/Assets/UI/IMG_1680.png using Guid(9c41265778c09f5468f505c067fbfec9) Importer(815301076,1909f56bfc062723c751e8b465ee728b)  -> (artifact id: '7de4f49476d1cd507642a9b3702a127a') in 0.118431 seconds 
========================================================================
Received Import Request.
  Time since last request: 19.169684 seconds.
  path: Assets/Assets/UI/IMG_1681.png
  artifactKey: Guid(0f7b090ad3d112742a2b3131cf982363) Importer(815301076,1909f56bfc062723c751e8b465ee728b)
Start importing Assets/Assets/UI/IMG_1681.png using Guid(0f7b090ad3d112742a2b3131cf982363) Importer(815301076,1909f56bfc062723c751e8b465ee728b)  -> (artifact id: '74d26b64ed795efa1c1e39240b8a5a63') in 0.121749 seconds 
========================================================================
Received Import Request.
  Time since last request: 56.182289 seconds.
  path: Assets/Assets/UI/IMG_1686.png
  artifactKey: Guid(bc6134363b204e543bee7f4eda3e6361) Importer(815301076,1909f56bfc062723c751e8b465ee728b)
Start importing Assets/Assets/UI/IMG_1686.png using Guid(bc6134363b204e543bee7f4eda3e6361) Importer(815301076,1909f56bfc062723c751e8b465ee728b)  -> (artifact id: 'a9937be7dc7c95025a58569ccc8bdba3') in 0.107136 seconds 
========================================================================
Received Import Request.
  Time since last request: 63.955117 seconds.
  path: Assets/Assets/UI/IMG_1679.png
  artifactKey: Guid(978a857ee70784a45b70d811d5e437ff) Importer(815301076,1909f56bfc062723c751e8b465ee728b)
Start importing Assets/Assets/UI/IMG_1679.png using Guid(978a857ee70784a45b70d811d5e437ff) Importer(815301076,1909f56bfc062723c751e8b465ee728b)  -> (artifact id: 'dd499e67dbc17bbe826a365b7d3b8211') in 0.116480 seconds 
========================================================================
Received Import Request.
  Time since last request: 169.113273 seconds.
  path: Assets/Assets/UI/IMG_1679.png
  artifactKey: Guid(978a857ee70784a45b70d811d5e437ff) Importer(815301076,1909f56bfc062723c751e8b465ee728b)
Start importing Assets/Assets/UI/IMG_1679.png using Guid(978a857ee70784a45b70d811d5e437ff) Importer(815301076,1909f56bfc062723c751e8b465ee728b)  -> (artifact id: '6966a8ace6925f94059824c35134cc6a') in 0.084135 seconds 
========================================================================
Received Import Request.
  Time since last request: 0.000059 seconds.
  path: Assets/Assets/UI/IMG_1682.png
  artifactKey: Guid(10cfed15c890a3241a0123d4be1aefac) Importer(815301076,1909f56bfc062723c751e8b465ee728b)
Start importing Assets/Assets/UI/IMG_1682.png using Guid(10cfed15c890a3241a0123d4be1aefac) Importer(815301076,1909f56bfc062723c751e8b465ee728b)  -> (artifact id: '63448bf24f464647316b92cf7292614d') in 0.040699 seconds 
========================================================================
Received Import Request.
  Time since last request: 0.000054 seconds.
  path: Assets/Assets/UI/IMG_1686.png
  artifactKey: Guid(bc6134363b204e543bee7f4eda3e6361) Importer(815301076,1909f56bfc062723c751e8b465ee728b)
Start importing Assets/Assets/UI/IMG_1686.png using Guid(bc6134363b204e543bee7f4eda3e6361) Importer(815301076,1909f56bfc062723c751e8b465ee728b)  -> (artifact id: '8a0ed483625dc19be2fa43caad49d50a') in 0.055715 seconds 
========================================================================
Received Import Request.
  Time since last request: 0.000045 seconds.
  path: Assets/Assets/UI/IMG_1685.png
  artifactKey: Guid(322a5b8dc9823f84e9ed7a93bed8e7de) Importer(815301076,1909f56bfc062723c751e8b465ee728b)
Start importing Assets/Assets/UI/IMG_1685.png using Guid(322a5b8dc9823f84e9ed7a93bed8e7de) Importer(815301076,1909f56bfc062723c751e8b465ee728b)  -> (artifact id: '19815ec8a62c83d140d4686aa25197d9') in 0.047174 seconds 
Editor requested this worker to shutdown with reason: Scaling down because of idle timeout
AssetImportWorker is now disconnected from the server
Process exiting
Exiting without the bug reporter. Application will terminate with return code 0